// Jest Snapshot v1, https://goo.gl/fbAQLP

exports[`CreateNftAsset constructor should have valid schema 1`] = `
Object {
  "$id": "nft/createNft-asset",
  "properties": Object {
    "category": Object {
      "dataType": "uint32",
      "fieldNumber": 5,
    },
    "description": Object {
      "dataType": "string",
      "fieldNumber": 4,
    },
    "imageUrl": Object {
      "dataType": "string",
      "fieldNumber": 6,
    },
    "initValue": Object {
      "dataType": "uint64",
      "fieldNumber": 2,
    },
    "minPurchaseMargin": Object {
      "dataType": "uint32",
      "fieldNumber": 1,
    },
    "name": Object {
      "dataType": "string",
      "fieldNumber": 3,
    },
    "threeDUrl": Object {
      "dataType": "string",
      "fieldNumber": 7,
    },
  },
  "required": Array [
    "minPurchaseMargin",
    "initValue",
    "name",
    "description",
    "category",
  ],
  "title": "CreateNftAsset transaction asset for nft module",
  "type": "object",
}
`;
